Processing seeed_xiao_esp32s3 (platform: espressif32; board: seeed_xiao_esp32s3; framework: arduino)
--------------------------------------------------------------------------------
Verbose mode can be enabled via `-v, --verbose` option
CONFIGURATION: https://docs.platformio.org/page/boards/espressif32/seeed_xiao_esp32s3.html
PLATFORM: Espressif 32 (6.12.0) > Seeed Studio XIAO ESP32S3
HARDWARE: ESP32S3 240MHz, 320KB RAM, 8MB Flash
DEBUG: Current (cmsis-dap) External (cmsis-dap, esp-bridge, esp-builtin, esp-prog, iot-bus-jtag, jlink, minimodule, olimex-arm-usb-ocd, olimex-arm-usb-ocd-h, olimex-arm-usb-tiny-h, olimex-jtag-tiny, tumpa)
PACKAGES: 
 - framework-arduinoespressif32 @ 3.20017.241212+sha.dcc1105b 
 - tool-esptoolpy @ 2.40900.250804 (4.9.0) 
 - toolchain-riscv32-esp @ 8.4.0+2021r2-patch5 
 - toolchain-xtensa-esp32s3 @ 8.4.0+2021r2-patch5
LDF: Library Dependency Finder -> https://bit.ly/configure-pio-ldf
LDF Modes: Finder ~ chain, Compatibility ~ soft
Found 38 compatible libraries
Scanning dependencies...
Dependency Graph
|-- SPI @ 2.0.0
|-- WiFi @ 2.0.0
|-- DNSServer @ 2.0.0
|-- Preferences @ 2.0.0
|-- HTTPClient @ 2.0.0
|-- ArduinoJson @ 7.4.2
|-- AsyncTCP @ 3.3.2+sha.3afa37b
|-- ESPAsyncWebServer @ 3.6.0+sha.feb92de
|-- PN5180 Library @ 1.1.0+sha.7879748
Build interrupted.
